main.c:92:5:main	8	static
main.c:185:6:SystemClock_Config	88	static
main.c:230:13:MX_USART2_UART_Init	8	static
main.c:263:13:MX_GPIO_Init	48	static
main.c:328:13:updateBinaryNumber	16	static
main.c:352:13:takeAction	16	static
main.c:388:13:writeOutput	8	static
main.c:486:13:enableFirstRow	8	static
main.c:496:13:enableSecondRow	8	static
main.c:506:13:enableThirdRow	8	static
main.c:518:13:enableAllLeds	8	static
main.c:525:13:disableFirstRow	8	static
main.c:535:13:disableSecondRow	8	static
main.c:545:13:disableThirdRow	8	static
main.c:557:13:disableAllLeds	8	static
main.c:569:6:Error_Handler	4	static
