main.c:92:5:main	8	static
main.c:164:6:SystemClock_Config	88	static
main.c:209:13:MX_USART2_UART_Init	8	static
main.c:242:13:MX_GPIO_Init	48	static
main.c:329:13:updateBinaryNumber	16	static
main.c:353:13:takeAction	16	static
main.c:389:13:writeOutput	8	static
main.c:485:13:enableFirstRow	8	static
main.c:495:13:enableSecondRow	8	static
main.c:505:13:enableThirdRow	8	static
main.c:517:13:enableAllLeds	8	static
main.c:524:13:disableFirstRow	8	static
main.c:534:13:disableSecondRow	8	static
main.c:544:13:disableThirdRow	8	static
main.c:556:13:disableAllLeds	8	static
main.c:568:6:Error_Handler	4	static
