stm32f4xx_it.c:76:6:NMI_Handler	4	static
stm32f4xx_it.c:89:6:HardFault_Handler	4	static
stm32f4xx_it.c:104:6:MemManage_Handler	4	static
stm32f4xx_it.c:119:6:BusFault_Handler	4	static
stm32f4xx_it.c:134:6:UsageFault_Handler	4	static
stm32f4xx_it.c:149:6:SVC_Handler	4	static
stm32f4xx_it.c:162:6:DebugMon_Handler	4	static
stm32f4xx_it.c:175:6:PendSV_Handler	4	static
stm32f4xx_it.c:188:6:SysTick_Handler	8	static
stm32f4xx_it.c:209:6:RCC_IRQHandler	4	static
stm32f4xx_it.c:222:6:EXTI0_IRQHandler	16	static
stm32f4xx_it.c:242:6:EXTI1_IRQHandler	16	static
stm32f4xx_it.c:262:6:EXTI4_IRQHandler	16	static
stm32f4xx_it.c:282:6:EXTI9_5_IRQHandler	16	static
stm32f4xx_it.c:302:6:EXTI15_10_IRQHandler	16	static
